[INFO] Scanning for projects...
[INFO] 
[INFO] ---------------< com.Extra2Essentials:Extra2Essentials >----------------
[INFO] Building Extra2Essentials 0.0.1-SNAPSHOT
[INFO]   from pom.xml
[INFO] --------------------------------[ jar ]---------------------------------
[INFO] 
[INFO] >>> spring-boot:4.0.3:run (default-cli) > test-compile @ Extra2Essentials >>>
[INFO] 
[INFO] --- resources:3.3.1:resources (default-resources) @ Extra2Essentials ---
[INFO] Copying 1 resource from src/main/resources to target/classes
[INFO] Copying 11 resources from src/main/resources to target/classes
[INFO] 
[INFO] --- compiler:3.14.1:compile (default-compile) @ Extra2Essentials ---
[INFO] Nothing to compile - all classes are up to date.
[INFO] 
[INFO] --- resources:3.3.1:testResources (default-testResources) @ Extra2Essentials ---
[INFO] skip non existing resourceDirectory /home/pallavi/E2E_Adv/Extra2Essential/Extra2Essentials/src/test/resources
[INFO] 
[INFO] --- compiler:3.14.1:testCompile (default-testCompile) @ Extra2Essentials ---
[INFO] Nothing to compile - all classes are up to date.
[INFO] 
[INFO] <<< spring-boot:4.0.3:run (default-cli) < test-compile @ Extra2Essentials <<<
[INFO] 
[INFO] 
[INFO] --- spring-boot:4.0.3:run (default-cli) @ Extra2Essentials ---
[INFO] Attaching agents: []

  .   ____          _            __ _ _
 /\\ / ___'_ __ _ _(_)_ __  __ _ \ \ \ \
( ( )\___ | '_ | '_| | '_ \/ _` | \ \ \ \
 \\/  ___)| |_)| | | | | || (_| |  ) ) ) )
  '  |____| .__|_| |_|_| |_\__, | / / / /
 =========|_|==============|___/=/_/_/_/

 :: Spring Boot ::                (v4.0.3)

2026-04-02T12:08:52.640+05:30  INFO 11498 --- [Extra2Essentials] [  restartedMain] c.E.E.Extra2EssentialsApplication        : Starting Extra2EssentialsApplication using Java 21.0.10 with PID 11498 (/home/pallavi/E2E_Adv/Extra2Essential/Extra2Essentials/target/classes started by pallavi in /home/pallavi/E2E_Adv/Extra2Essential/Extra2Essentials)
2026-04-02T12:08:52.643+05:30  INFO 11498 --- [Extra2Essentials] [  restartedMain] c.E.E.Extra2EssentialsApplication        : No active profile set, falling back to 1 default profile: "default"
2026-04-02T12:08:52.688+05:30  INFO 11498 --- [Extra2Essentials] [  restartedMain] .e.DevToolsPropertyDefaultsPostProcessor : Devtools property defaults active! Set 'spring.devtools.add-properties' to 'false' to disable
2026-04-02T12:08:52.688+05:30  INFO 11498 --- [Extra2Essentials] [  restartedMain] .e.DevToolsPropertyDefaultsPostProcessor : For additional web related logging consider setting the 'logging.level.web' property to 'DEBUG'
2026-04-02T12:08:53.256+05:30  INFO 11498 --- [Extra2Essentials] [  restartedMain] .s.d.r.c.RepositoryConfigurationDelegate : Bootstrapping Spring Data JPA repositories in DEFAULT mode.
2026-04-02T12:08:53.293+05:30  INFO 11498 --- [Extra2Essentials] [  restartedMain] .s.d.r.c.RepositoryConfigurationDelegate : Finished Spring Data repository scanning in 31 ms. Found 2 JPA repository interfaces.
2026-04-02T12:08:53.730+05:30  INFO 11498 --- [Extra2Essentials] [  restartedMain] o.s.boot.tomcat.TomcatWebServer          : Tomcat initialized with port 8080 (http)
2026-04-02T12:08:53.740+05:30  INFO 11498 --- [Extra2Essentials] [  restartedMain] o.apache.catalina.core.StandardService   : Starting service [Tomcat]
2026-04-02T12:08:53.740+05:30  INFO 11498 --- [Extra2Essentials] [  restartedMain] o.apache.catalina.core.StandardEngine    : Starting Servlet engine: [Apache Tomcat/11.0.18]
2026-04-02T12:08:53.763+05:30  INFO 11498 --- [Extra2Essentials] [  restartedMain] b.w.c.s.WebApplicationContextInitializer : Root WebApplicationContext: initialization completed in 1075 ms
2026-04-02T12:08:53.898+05:30  INFO 11498 --- [Extra2Essentials] [  restartedMain] org.hibernate.orm.jpa                    : HHH008540: Processing PersistenceUnitInfo [name: default]
2026-04-02T12:08:53.929+05:30  INFO 11498 --- [Extra2Essentials] [  restartedMain] org.hibernate.orm.core                   : HHH000001: Hibernate ORM core version 7.2.4.Final
2026-04-02T12:08:54.217+05:30  INFO 11498 --- [Extra2Essentials] [  restartedMain] o.s.o.j.p.SpringPersistenceUnitInfo      : No LoadTimeWeaver setup: ignoring JPA class transformer
2026-04-02T12:08:54.238+05:30  INFO 11498 --- [Extra2Essentials] [  restartedMain] com.zaxxer.hikari.HikariDataSource       : HikariPool-1 - Starting...
2026-04-02T12:08:54.492+05:30  INFO 11498 --- [Extra2Essentials] [  restartedMain] com.zaxxer.hikari.pool.HikariPool        : HikariPool-1 - Added connection com.mysql.cj.jdbc.ConnectionImpl@224f57ae
2026-04-02T12:08:54.493+05:30  INFO 11498 --- [Extra2Essentials] [  restartedMain] com.zaxxer.hikari.HikariDataSource       : HikariPool-1 - Start completed.
2026-04-02T12:08:54.533+05:30  WARN 11498 --- [Extra2Essentials] [  restartedMain] org.hibernate.orm.deprecation            : HHH90000025: MySQLDialect does not need to be specified explicitly using 'hibernate.dialect' (remove the property setting and it will be selected by default)
2026-04-02T12:08:54.547+05:30  INFO 11498 --- [Extra2Essentials] [  restartedMain] org.hibernate.orm.connections.pooling    : HHH10001005: Database info:
	Database JDBC URL [jdbc:mysql://localhost:3306/extra2essential]
	Database driver: MySQL Connector/J
	Database dialect: MySQLDialect
	Database version: 8.0.45
	Default catalog/schema: extra2essential/undefined
	Autocommit mode: undefined/unknown
	Isolation level: REPEATABLE_READ [default REPEATABLE_READ]
	JDBC fetch size: none
	Pool: DataSourceConnectionProvider
	Minimum pool size: undefined/unknown
	Maximum pool size: undefined/unknown
2026-04-02T12:08:55.251+05:30  INFO 11498 --- [Extra2Essentials] [  restartedMain] org.hibernate.orm.core                   : HHH000489: No JTA platform available (set 'hibernate.transaction.jta.platform' to enable JTA platform integration)
2026-04-02T12:08:55.328+05:30  INFO 11498 --- [Extra2Essentials] [  restartedMain] j.LocalContainerEntityManagerFactoryBean : Initialized JPA EntityManagerFactory for persistence unit 'default'
2026-04-02T12:08:55.415+05:30  INFO 11498 --- [Extra2Essentials] [  restartedMain] o.s.d.j.r.query.QueryEnhancerFactories   : Hibernate is in classpath; If applicable, HQL parser will be used.
2026-04-02T12:08:55.611+05:30  WARN 11498 --- [Extra2Essentials] [  restartedMain] JpaBaseConfiguration$JpaWebConfiguration : spring.jpa.open-in-view is enabled by default. Therefore, database queries may be performed during view rendering. Explicitly configure spring.jpa.open-in-view to disable this warning
2026-04-02T12:08:55.816+05:30  INFO 11498 --- [Extra2Essentials] [  restartedMain] o.s.b.w.a.WelcomePageHandlerMapping      : Adding welcome page: class path resource [static/index.html]
2026-04-02T12:08:56.098+05:30  INFO 11498 --- [Extra2Essentials] [  restartedMain] o.s.boot.tomcat.TomcatWebServer          : Tomcat started on port 8080 (http) with context path '/'
2026-04-02T12:08:56.103+05:30  INFO 11498 --- [Extra2Essentials] [  restartedMain] c.E.E.Extra2EssentialsApplication        : Started Extra2EssentialsApplication in 3.842 seconds (process running for 4.289)
2026-04-02T12:11:33.948+05:30  INFO 11498 --- [Extra2Essentials] [nio-8080-exec-1] o.a.c.c.C.[Tomcat].[localhost].[/]       : Initializing Spring DispatcherServlet 'dispatcherServlet'
2026-04-02T12:11:33.948+05:30  INFO 11498 --- [Extra2Essentials] [nio-8080-exec-1] o.s.web.servlet.DispatcherServlet        : Initializing Servlet 'dispatcherServlet'
2026-04-02T12:11:33.952+05:30  INFO 11498 --- [Extra2Essentials] [nio-8080-exec-1] o.s.web.servlet.DispatcherServlet        : Completed initialization in 2 ms
2026-04-02T12:13:12.499+05:30  INFO 11498 --- [Extra2Essentials] [ionShutdownHook] o.s.boot.tomcat.GracefulShutdown         : Commencing graceful shutdown. Waiting for active requests to complete
2026-04-02T12:13:12.504+05:30  INFO 11498 --- [Extra2Essentials] [tomcat-shutdown] o.s.boot.tomcat.GracefulShutdown         : Graceful shutdown complete
2026-04-02T12:13:12.514+05:30  INFO 11498 --- [Extra2Essentials] [ionShutdownHook] j.LocalContainerEntityManagerFactoryBean : Closing JPA EntityManagerFactory for persistence unit 'default'
2026-04-02T12:13:12.521+05:30  INFO 11498 --- [Extra2Essentials] [ionShutdownHook] com.zaxxer.hikari.HikariDataSource       : HikariPool-1 - Shutdown initiated...
2026-04-02T12:13:12.534+05:30  INFO 11498 --- [Extra2Essentials] [ionShutdownHook] com.zaxxer.hikari.HikariDataSource       : HikariPool-1 - Shutdown completed.
